INFO - Saving results to: model_results/nmf_joint_results_with_scatter_K32_alpha_m_w_MS_w_HS_w_SLAM/
INFO - ============================================================
INFO - Joint NMF Stellar Spectra Model
INFO - ============================================================
INFO - Configuration:
INFO -   K = 160 components
INFO -   Iterations = 10000
INFO -   Learning rate = 0.001
INFO -   Converting Alpha = False
INFO -   Adding Wide Binaries = False
INFO -   Adding Mineweeper = True
INFO -   Adding Hot Stars = True
INFO -   Adding SLAM = True
INFO -   Training set subsampled = True
INFO -   Removing naned labels = True
INFO - 
[1/4] Loading data...
INFO -   Loaded 96059 stars with 4648 wavelength pixels
INFO - 
[2/4] Running joint optimization...
INFO - Joint optimization setup:
INFO -   Stars: 50097, Wavelengths: 4648
INFO -   K = 160 components
INFO -   Design matrix features: 15
INFO -   Total parameters: 946,468
INFO - Unable to initialize backend 'tpu': INTERNAL: Failed to open libtpu.so: libtpu.so: cannot open shared object file: No such file or directory
INFO -   Initial loss: 1.478937e+00
INFO - 
Optimizing for 10000 iterations...
INFO -   Final loss: -1.756130e+00
INFO - 
[3/4] Computing statistics...
INFO - 
============================================================
INFO - Summary Statistics (Training Set)
INFO - ============================================================
INFO -   teff    : bias=-1.4669, scatter=106.4732, MAD=52.7143
INFO -   logg    : bias=-0.0027, scatter=0.1041, MAD=0.0428
INFO -   m_h     : bias=-0.0038, scatter=0.0925, MAD=0.0491
INFO -   alpha_m : bias=+0.0002, scatter=0.0119, MAD=0.0025
INFO - 
[4/4] Generating plots...
INFO - 
Saving results...
INFO -   Saved to model_results/nmf_joint_results_with_scatter_K32_alpha_m_w_MS_w_HS_w_SLAM/
INFO - 
============================================================
INFO - Test Step: Inferring labels from spectra (no known labels)
INFO - ============================================================
INFO - Test set: 96685 spectra
INFO - Inferring labels using trained model (theta, H fixed)...
INFO - "Training MLP to use as initial guesser...
INFO - Saving results to: model_results/nmf_joint_results_with_scatter_K32_alpha_m_w_MS_w_HS_w_SLAM/
INFO - ============================================================
INFO - Joint NMF Stellar Spectra Model
INFO - ============================================================
INFO - Configuration:
INFO -   K = 160 components
INFO -   Iterations = 10000
INFO -   Learning rate = 0.001
INFO -   Converting Alpha = False
INFO -   Adding Wide Binaries = False
INFO -   Adding Mineweeper = True
INFO -   Adding Hot Stars = True
INFO -   Adding SLAM = True
INFO -   Training set subsampled = True
INFO -   Removing naned labels = True
INFO - 
[1/4] Loading data...
INFO -   Loaded 96059 stars with 4648 wavelength pixels
INFO - 
[2/4] Running joint optimization...
INFO - Joint optimization setup:
INFO -   Stars: 50097, Wavelengths: 4648
INFO -   K = 160 components
INFO -   Design matrix features: 15
INFO -   Total parameters: 946,468
INFO - Unable to initialize backend 'tpu': INTERNAL: Failed to open libtpu.so: libtpu.so: cannot open shared object file: No such file or directory
INFO -   Initial loss: 1.478937e+00
INFO - 
Optimizing for 10000 iterations...
INFO -   Final loss: -1.756130e+00
INFO - 
[3/4] Computing statistics...
INFO - 
============================================================
INFO - Summary Statistics (Training Set)
INFO - ============================================================
INFO -   teff    : bias=-1.4669, scatter=106.4732, MAD=52.7143
INFO -   logg    : bias=-0.0027, scatter=0.1041, MAD=0.0428
INFO -   m_h     : bias=-0.0038, scatter=0.0925, MAD=0.0491
INFO -   alpha_m : bias=+0.0002, scatter=0.0119, MAD=0.0025
INFO - 
[4/4] Generating plots...
INFO - 
Saving results...
INFO -   Saved to model_results/nmf_joint_results_with_scatter_K32_alpha_m_w_MS_w_HS_w_SLAM/
INFO - 
============================================================
INFO - Test Step: Inferring labels from spectra (no known labels)
INFO - ============================================================
INFO - Test set: 96685 spectra
INFO - Inferring labels using trained model (theta, H fixed)...
INFO - "Training MLP to use as initial guesser...
INFO - 
Model saved to model_results/nmf_joint_results_with_scatter_K32_alpha_m_w_MS_w_HS_w_SLAM/nmf_MLP_model.npz
INFO - 
============================================================
INFO - Summary Statistics (MLP)
INFO - ============================================================
INFO -   teff    : bias=+36.7470, scatter=867.5751, MAD=56.2506
INFO -   logg    : bias=-0.0068, scatter=0.2333, MAD=0.1031
INFO -   m_h     : bias=+0.0299, scatter=0.1381, MAD=0.0763
INFO -   alpha_m : bias=+0.0019, scatter=0.0559, MAD=0.0239
INFO - Inferring labels for 96685 stars using TWO-STAGE...
INFO - Saving results to: model_results/nmf_joint_results_with_scatter_K32_alpha_m_w_MS_w_HS_w_SLAM/
INFO - ============================================================
INFO - Joint NMF Stellar Spectra Model
INFO - ============================================================
INFO - Configuration:
INFO -   K = 160 components
INFO -   Iterations = 10000
INFO -   Learning rate = 0.001
INFO -   Converting Alpha = False
INFO -   Adding Wide Binaries = False
INFO -   Adding Mineweeper = True
INFO -   Adding Hot Stars = True
INFO -   Adding SLAM = True
INFO -   Training set subsampled = True
INFO -   Removing naned labels = True
INFO - 
[1/4] Loading data...
INFO -   Loaded 96059 stars with 4648 wavelength pixels
INFO - 
[2/4] Running joint optimization...
INFO - Joint optimization setup:
INFO -   Stars: 50097, Wavelengths: 4648
INFO -   K = 160 components
INFO -   Design matrix features: 15
INFO -   Total parameters: 946,468
INFO - Unable to initialize backend 'tpu': INTERNAL: Failed to open libtpu.so: libtpu.so: cannot open shared object file: No such file or directory
INFO -   Initial loss: 1.478937e+00
INFO - 
Optimizing for 10000 iterations...
INFO -   Final loss: -1.756130e+00
INFO - 
[3/4] Computing statistics...
INFO - 
============================================================
INFO - Summary Statistics (Training Set)
INFO - ============================================================
INFO -   teff    : bias=-1.4669, scatter=106.4732, MAD=52.7143
INFO -   logg    : bias=-0.0027, scatter=0.1041, MAD=0.0428
INFO -   m_h     : bias=-0.0038, scatter=0.0925, MAD=0.0491
INFO -   alpha_m : bias=+0.0002, scatter=0.0119, MAD=0.0025
INFO - 
[4/4] Generating plots...
INFO - 
Saving results...
INFO -   Saved to model_results/nmf_joint_results_with_scatter_K32_alpha_m_w_MS_w_HS_w_SLAM/
INFO - 
============================================================
INFO - Test Step: Inferring labels from spectra (no known labels)
INFO - ============================================================
INFO - Test set: 96685 spectra
INFO - Inferring labels using trained model (theta, H fixed)...
INFO - "Training MLP to use as initial guesser...
INFO - 
Model saved to model_results/nmf_joint_results_with_scatter_K32_alpha_m_w_MS_w_HS_w_SLAM/nmf_MLP_model.npz
INFO - 
============================================================
INFO - Summary Statistics (MLP)
INFO - ============================================================
INFO -   teff    : bias=+36.7470, scatter=867.5751, MAD=56.2506
INFO -   logg    : bias=-0.0068, scatter=0.2333, MAD=0.1031
INFO -   m_h     : bias=+0.0299, scatter=0.1381, MAD=0.0763
INFO -   alpha_m : bias=+0.0019, scatter=0.0559, MAD=0.0239
INFO - Inferring labels for 96685 stars using TWO-STAGE...
INFO -   Running L-BFGS-B optimization (GPU-accelerated)...
INFO - 
============================================================
INFO - Test Set Statistics
INFO - ============================================================
INFO -   teff    : bias=-9.4023, scatter=748.7833, MAD=73.3455
INFO -   logg    : bias=+0.0060, scatter=0.2749, MAD=0.1103
INFO -   m_h     : bias=-0.0165, scatter=0.1499, MAD=0.0819
INFO -   alpha_m : bias=+0.0012, scatter=0.0912, MAD=0.0363
INFO - 
Generating test comparison plot...
INFO - Saved test results to model_results/nmf_joint_results_with_scatter_K32_alpha_m_w_MS_w_HS_w_SLAM/test_inference_results.npz
INFO - 
Done!
