INFO - Saving results to: model_results/nmf_joint_results_with_scatter_K32_alpha_m_w_wide_binaries_w_HS/
INFO - ============================================================
INFO - Joint NMF Stellar Spectra Model
INFO - ============================================================
INFO - Configuration:
INFO -   K = 160 components
INFO -   Iterations = 10000
INFO -   Learning rate = 0.001
INFO -   Converting Alpha = False
INFO -   Adding Wide Binaries = True
INFO -   Adding Mineweeper = False
INFO -   Adding Hot Stars = True
INFO -   Training set subsampled = True
INFO -   Removing naned labels = True
INFO - 
[1/4] Loading data...
INFO -   Loaded 34348 stars with 4648 wavelength pixels
INFO - 
[2/4] Running joint optimization...
INFO - Joint optimization setup:
INFO -   Stars: 23402, Wavelengths: 4648
INFO -   K = 160 components
INFO -   Design matrix features: 15
INFO -   Total parameters: 839,688
INFO - Unable to initialize backend 'tpu': INTERNAL: Failed to open libtpu.so: libtpu.so: cannot open shared object file: No such file or directory
WARNING - An NVIDIA GPU may be present on this machine, but a CUDA-enabled jaxlib is not installed. Falling back to cpu.
INFO -   Initial loss: 5.270359e+00
INFO - 
Optimizing for 10000 iterations...
INFO - Saving results to: model_results/nmf_joint_results_with_scatter_K32_alpha_m_w_wide_binaries_w_HS/
INFO - ============================================================
INFO - Joint NMF Stellar Spectra Model
INFO - ============================================================
INFO - Configuration:
INFO -   K = 160 components
INFO -   Iterations = 10000
INFO -   Learning rate = 0.001
INFO -   Converting Alpha = False
INFO -   Adding Wide Binaries = True
INFO -   Adding Mineweeper = False
INFO -   Adding Hot Stars = True
INFO -   Training set subsampled = True
INFO -   Removing naned labels = True
INFO - 
[1/4] Loading data...
INFO -   Loaded 34348 stars with 4648 wavelength pixels
INFO - 
[2/4] Running joint optimization...
INFO - Joint optimization setup:
INFO -   Stars: 23402, Wavelengths: 4648
INFO -   K = 160 components
INFO -   Design matrix features: 15
INFO -   Total parameters: 839,688
INFO - Unable to initialize backend 'tpu': INTERNAL: Failed to open libtpu.so: libtpu.so: cannot open shared object file: No such file or directory
INFO -   Initial loss: 5.270359e+00
INFO - 
Optimizing for 10000 iterations...
INFO -   Final loss: -1.738864e+00
INFO - 
[3/4] Computing statistics...
INFO - 
============================================================
INFO - Summary Statistics (Training Set)
INFO - ============================================================
INFO -   teff    : bias=-3.2069, scatter=147.3860, MAD=67.4540
INFO -   logg    : bias=-0.0092, scatter=0.1368, MAD=0.0625
INFO -   m_h     : bias=-0.0003, scatter=0.0604, MAD=0.0277
INFO -   alpha_m : bias=-0.0003, scatter=0.0097, MAD=0.0033
INFO - 
[4/4] Generating plots...
INFO - 
Saving results...
INFO -   Saved to model_results/nmf_joint_results_with_scatter_K32_alpha_m_w_wide_binaries_w_HS/
INFO - 
============================================================
INFO - Test Step: Inferring labels from spectra (no known labels)
INFO - ============================================================
INFO - Test set: 34974 spectra
INFO - Inferring labels using trained model (theta, H fixed)...
INFO - "Training Ridge Regression to use as initial guesser...
INFO - Training Ridge regression...
INFO - Saving Ridge model to model_results/nmf_joint_results_with_scatter_K32_alpha_m_w_wide_binaries_w_HS/nmf_ridge_model.npz...
INFO - 
Model saved to model_results/nmf_joint_results_with_scatter_K32_alpha_m_w_wide_binaries_w_HS/nmf_ridge_model.npz
INFO - 
============================================================
INFO - Summary Statistics (Ridge Regression)
INFO - ============================================================
INFO -   teff    : bias=-31.6268, scatter=1107.7872, MAD=278.3440
INFO -   logg    : bias=-0.0183, scatter=0.3735, MAD=0.1685
INFO -   m_h     : bias=-0.0230, scatter=0.1840, MAD=0.0871
INFO -   alpha_m : bias=+0.0102, scatter=0.0613, MAD=0.0343
INFO - Inferring labels for 34974 stars using ADAM...
INFO - Inferring labels for 507 stars using BFGS...
INFO - Saving results to: model_results/nmf_joint_results_with_scatter_K32_alpha_m_w_wide_binaries_w_HS/
INFO - ============================================================
INFO - Joint NMF Stellar Spectra Model
INFO - ============================================================
INFO - Configuration:
INFO -   K = 160 components
INFO -   Iterations = 10000
INFO -   Learning rate = 0.001
INFO -   Converting Alpha = False
INFO -   Adding Wide Binaries = True
INFO -   Adding Mineweeper = False
INFO -   Adding Hot Stars = True
INFO -   Training set subsampled = True
INFO -   Removing naned labels = True
INFO - 
[1/4] Loading data...
INFO -   Loaded 34348 stars with 4648 wavelength pixels
INFO - 
[2/4] Running joint optimization...
INFO - Joint optimization setup:
INFO -   Stars: 23402, Wavelengths: 4648
INFO -   K = 160 components
INFO -   Design matrix features: 15
INFO -   Total parameters: 839,688
INFO - Unable to initialize backend 'tpu': INTERNAL: Failed to open libtpu.so: libtpu.so: cannot open shared object file: No such file or directory
INFO -   Initial loss: 5.270359e+00
INFO - 
Optimizing for 10000 iterations...
INFO -   Final loss: -1.738864e+00
INFO - 
[3/4] Computing statistics...
INFO - 
============================================================
INFO - Summary Statistics (Training Set)
INFO - ============================================================
INFO -   teff    : bias=-3.2069, scatter=147.3860, MAD=67.4540
INFO -   logg    : bias=-0.0092, scatter=0.1368, MAD=0.0625
INFO -   m_h     : bias=-0.0003, scatter=0.0604, MAD=0.0277
INFO -   alpha_m : bias=-0.0003, scatter=0.0097, MAD=0.0033
INFO - 
[4/4] Generating plots...
INFO - 
Saving results...
INFO -   Saved to model_results/nmf_joint_results_with_scatter_K32_alpha_m_w_wide_binaries_w_HS/
INFO - 
============================================================
INFO - Test Step: Inferring labels from spectra (no known labels)
INFO - ============================================================
INFO - Test set: 34974 spectra
INFO - Inferring labels using trained model (theta, H fixed)...
INFO - "Training Ridge Regression to use as initial guesser...
INFO - Training Ridge regression...
INFO - Saving Ridge model to model_results/nmf_joint_results_with_scatter_K32_alpha_m_w_wide_binaries_w_HS/nmf_ridge_model.npz...
INFO - 
Model saved to model_results/nmf_joint_results_with_scatter_K32_alpha_m_w_wide_binaries_w_HS/nmf_ridge_model.npz
INFO - 
============================================================
INFO - Summary Statistics (Ridge Regression)
INFO - ============================================================
INFO -   teff    : bias=-31.6268, scatter=1107.7872, MAD=278.3440
INFO -   logg    : bias=-0.0183, scatter=0.3735, MAD=0.1685
INFO -   m_h     : bias=-0.0230, scatter=0.1840, MAD=0.0871
INFO -   alpha_m : bias=+0.0102, scatter=0.0613, MAD=0.0343
INFO - Inferring labels for 34974 stars using ADAM...
INFO - Inferring labels for 507 stars using BFGS...
INFO -   Running L-BFGS-B optimization (GPU-accelerated)...
INFO - 
============================================================
INFO - Test Set Statistics
INFO - ============================================================
INFO -   teff    : bias=-20.9497, scatter=714.3068, MAD=90.9076
INFO -   logg    : bias=-0.0345, scatter=0.3676, MAD=0.1413
INFO -   m_h     : bias=-0.0019, scatter=0.1631, MAD=0.0664
INFO -   alpha_m : bias=-0.0006, scatter=0.0667, MAD=0.0315
INFO - 
Generating test comparison plot...
INFO - Saved test results to model_results/nmf_joint_results_with_scatter_K32_alpha_m_w_wide_binaries_w_HS/test_inference_results.npz
INFO - 
Done!
