INFO - Saving results to: nmf_joint_results_with_scatter_K32_alpha_m_w_wide_binaries_w_MS_w_HS/
INFO - ============================================================
INFO - Joint NMF Stellar Spectra Model
INFO - ============================================================
INFO - Configuration:
INFO -   K = 160 components
INFO -   Iterations = 10000
INFO -   Learning rate = 0.001
INFO -   Converting Alpha = False
INFO -   Adding Wide Binaries = True
INFO -   Adding Mineweeper = True
INFO -   Adding Hot Stars = True
INFO -   Training set subsampled = True
INFO -   Removing naned labels = True
INFO - 
[1/4] Loading data...
INFO -   Loaded 35716 stars with 4648 wavelength pixels
INFO - 
[2/4] Running joint optimization...
INFO - 
Running nominal joint optimization...
INFO - Joint optimization setup:
INFO -   Stars: 24679, Wavelengths: 4648
INFO -   K = 160 components
INFO -   Design matrix features: 15
INFO -   Total parameters: 844,796
INFO - Saving results to: nmf_joint_results_with_scatter_K32_alpha_m_w_wide_binaries_w_MS_w_HS/
INFO - ============================================================
INFO - Joint NMF Stellar Spectra Model
INFO - ============================================================
INFO - Configuration:
INFO -   K = 160 components
INFO -   Iterations = 10000
INFO -   Learning rate = 0.001
INFO -   Converting Alpha = False
INFO -   Adding Wide Binaries = True
INFO -   Adding Mineweeper = True
INFO -   Adding Hot Stars = True
INFO -   Training set subsampled = True
INFO -   Removing naned labels = True
INFO - 
[1/4] Loading data...
INFO -   Loaded 35716 stars with 4648 wavelength pixels
INFO - 
[2/4] Running joint optimization...
INFO - 
Running nominal joint optimization...
INFO - Joint optimization setup:
INFO -   Stars: 24679, Wavelengths: 4648
INFO -   K = 160 components
INFO -   Design matrix features: 15
INFO -   Total parameters: 844,796
INFO - Unable to initialize backend 'tpu': INTERNAL: Failed to open libtpu.so: libtpu.so: cannot open shared object file: No such file or directory
INFO - Saving results to: nmf_joint_results_with_scatter_K32_alpha_m_w_wide_binaries_w_MS_w_HS/
INFO - ============================================================
INFO - Joint NMF Stellar Spectra Model
INFO - ============================================================
INFO - Configuration:
INFO -   K = 160 components
INFO -   Iterations = 10000
INFO -   Learning rate = 0.001
INFO -   Converting Alpha = False
INFO -   Adding Wide Binaries = True
INFO -   Adding Mineweeper = True
INFO -   Adding Hot Stars = True
INFO -   Training set subsampled = True
INFO -   Removing naned labels = True
INFO - 
[1/4] Loading data...
INFO -   Loaded 35716 stars with 4648 wavelength pixels
INFO - 
[2/4] Running joint optimization...
INFO - 
Running nominal joint optimization...
INFO - Joint optimization setup:
INFO -   Stars: 24679, Wavelengths: 4648
INFO -   K = 160 components
INFO -   Design matrix features: 15
INFO -   Total parameters: 844,796
INFO - Unable to initialize backend 'tpu': INTERNAL: Failed to open libtpu.so: libtpu.so: cannot open shared object file: No such file or directory
INFO - Saving results to: nmf_joint_results_with_scatter_K32_alpha_m_w_wide_binaries_w_MS_w_HS/
INFO - ============================================================
INFO - Joint NMF Stellar Spectra Model
INFO - ============================================================
INFO - Configuration:
INFO -   K = 160 components
INFO -   Iterations = 10000
INFO -   Learning rate = 0.001
INFO -   Converting Alpha = False
INFO -   Adding Wide Binaries = True
INFO -   Adding Mineweeper = True
INFO -   Adding Hot Stars = True
INFO -   Training set subsampled = True
INFO -   Removing naned labels = True
INFO - 
[1/4] Loading data...
INFO -   Loaded 35716 stars with 4648 wavelength pixels
INFO - 
[2/4] Running joint optimization...
INFO - 
Running nominal joint optimization...
INFO - Joint optimization setup:
INFO -   Stars: 24679, Wavelengths: 4648
INFO -   K = 160 components
INFO -   Design matrix features: 15
INFO -   Total parameters: 844,796
INFO - Unable to initialize backend 'tpu': INTERNAL: Failed to open libtpu.so: libtpu.so: cannot open shared object file: No such file or directory
INFO -   Initial loss: 1.326686e+00
INFO - 
Optimizing for 10000 iterations...
INFO - Saving results to: nmf_joint_results_with_scatter_K32_alpha_m_w_wide_binaries_w_MS_w_HS/
INFO - ============================================================
INFO - Joint NMF Stellar Spectra Model
INFO - ============================================================
INFO - Configuration:
INFO -   K = 160 components
INFO -   Iterations = 10000
INFO -   Learning rate = 0.001
INFO -   Converting Alpha = False
INFO -   Adding Wide Binaries = True
INFO -   Adding Mineweeper = True
INFO -   Adding Hot Stars = True
INFO -   Training set subsampled = True
INFO -   Removing naned labels = True
INFO - 
[1/4] Loading data...
INFO -   Loaded 35716 stars with 4648 wavelength pixels
INFO - 
[2/4] Running joint optimization...
INFO - 
Running nominal joint optimization...
INFO - Joint optimization setup:
INFO -   Stars: 24679, Wavelengths: 4648
INFO -   K = 160 components
INFO -   Design matrix features: 15
INFO -   Total parameters: 844,796
INFO - Unable to initialize backend 'tpu': INTERNAL: Failed to open libtpu.so: libtpu.so: cannot open shared object file: No such file or directory
INFO -   Initial loss: 1.326686e+00
INFO - 
Optimizing for 10000 iterations...
INFO -   Final loss: -1.823622e+00
INFO - 
[3/4] Computing statistics...
INFO - 
============================================================
INFO - Summary Statistics (Training Set)
INFO - ============================================================
INFO -   teff    : bias=-0.9098, scatter=133.3438, MAD=68.5519
INFO -   logg    : bias=-0.0032, scatter=0.1193, MAD=0.0430
INFO -   m_h     : bias=+0.0004, scatter=0.1051, MAD=0.0470
INFO -   alpha_m : bias=+0.0002, scatter=0.0170, MAD=0.0034
INFO - 
[4/4] Generating plots...
INFO - Saved comparison plot to nmf_joint_results_with_scatter_K32_alpha_m_w_wide_binaries_w_MS_w_HS/label_comparison.png
INFO - Saved residual histogram to nmf_joint_results_with_scatter_K32_alpha_m_w_wide_binaries_w_MS_w_HS/label_residuals.png
INFO - Saved NMF components plot to nmf_joint_results_with_scatter_K32_alpha_m_w_wide_binaries_w_MS_w_HS/nmf_components.png
INFO - Saved loss plot to nmf_joint_results_with_scatter_K32_alpha_m_w_wide_binaries_w_MS_w_HS/optimization_loss.png
INFO - Saved spectra comparison to nmf_joint_results_with_scatter_K32_alpha_m_w_wide_binaries_w_MS_w_HS/spectra_comparison.png
INFO - Saved model scatter plot to nmf_joint_results_with_scatter_K32_alpha_m_w_wide_binaries_w_MS_w_HS/model_scatter.png
INFO - 
Saving results...
INFO -   Saved to nmf_joint_results_with_scatter_K32_alpha_m_w_wide_binaries_w_MS_w_HS/
INFO - 
============================================================
INFO - Test Step: Inferring labels from spectra (no known labels)
INFO - ============================================================
INFO - Test set: 36057 spectra
INFO - Inferring labels using trained model (theta, H fixed)...
INFO - "Training Ridge Regression to use as initial guesser...
INFO - Training Ridge regression...
INFO - Saving Ridge model to nmf_joint_results_with_scatter_K32_alpha_m_w_wide_binaries_w_MS_w_HS/nmf_ridge_model.npz...
INFO - 
Model saved to nmf_joint_results_with_scatter_K32_alpha_m_w_wide_binaries_w_MS_w_HS/nmf_ridge_model.npz
INFO - 
============================================================
INFO - Summary Statistics (Ridge Regression)
INFO - ============================================================
INFO -   teff    : bias=-10.6657, scatter=890.3457, MAD=204.0300
INFO -   logg    : bias=-0.0089, scatter=0.3449, MAD=0.1865
INFO -   m_h     : bias=-0.0202, scatter=0.2051, MAD=0.1010
INFO -   alpha_m : bias=+0.0034, scatter=0.0923, MAD=0.0541
INFO - Inferring labels for 36057 stars using TWO-STAGE...
INFO -   Running L-BFGS-B optimization (GPU-accelerated)...
INFO - 
============================================================
INFO - Test Set Statistics
INFO - ============================================================
INFO -   teff    : bias=-1.1947, scatter=644.1205, MAD=85.4984
INFO -   logg    : bias=-0.0235, scatter=0.3903, MAD=0.1674
INFO -   m_h     : bias=-0.0092, scatter=0.2146, MAD=0.0830
INFO -   alpha_m : bias=+0.0102, scatter=0.1355, MAD=0.0553
INFO - 
Generating test comparison plot...
INFO - Saved test comparison plot to nmf_joint_results_with_scatter_K32_alpha_m_w_wide_binaries_w_MS_w_HS/test_true_vs_inferred.png
INFO - Saved test results to nmf_joint_results_with_scatter_K32_alpha_m_w_wide_binaries_w_MS_w_HS/test_inference_results.npz
INFO - 
Done!
