INFO - Saving results to: nmf_joint_results_with_scatter_K32_alpha_m_w_wide_binaries_w_MS_w_HS/
INFO - ============================================================
INFO - Joint NMF Stellar Spectra Model
INFO - ============================================================
INFO - Configuration:
INFO -   K = 160 components
INFO -   Iterations = 10000
INFO -   Learning rate = 0.001
INFO -   Converting Alpha = False
INFO -   Adding Wide Binaries = True
INFO -   Adding Mineweeper = True
INFO -   Adding Hot Stars = True
INFO -   Training set subsampled = True
INFO -   Removing naned labels = True
INFO - 
[1/4] Loading data...
INFO -   Loaded 35716 stars with 4648 wavelength pixels
INFO - 
[2/4] Running joint optimization...
INFO - 
Running nominal joint optimization...
INFO - Joint optimization setup:
INFO -   Stars: 24679, Wavelengths: 4648
INFO -   K = 160 components
INFO -   Design matrix features: 15
INFO -   Total parameters: 844,796
INFO - Saving results to: nmf_joint_results_with_scatter_K32_alpha_m_w_wide_binaries_w_MS_w_HS/
INFO - ============================================================
INFO - Joint NMF Stellar Spectra Model
INFO - ============================================================
INFO - Configuration:
INFO -   K = 160 components
INFO -   Iterations = 10000
INFO -   Learning rate = 0.001
INFO -   Converting Alpha = False
INFO -   Adding Wide Binaries = True
INFO -   Adding Mineweeper = True
INFO -   Adding Hot Stars = True
INFO -   Training set subsampled = True
INFO -   Removing naned labels = True
INFO - 
[1/4] Loading data...
INFO -   Loaded 35716 stars with 4648 wavelength pixels
INFO - 
[2/4] Running joint optimization...
INFO - 
Running nominal joint optimization...
INFO - Joint optimization setup:
INFO -   Stars: 24679, Wavelengths: 4648
INFO -   K = 160 components
INFO -   Design matrix features: 15
INFO -   Total parameters: 844,796
INFO - Unable to initialize backend 'tpu': INTERNAL: Failed to open libtpu.so: libtpu.so: cannot open shared object file: No such file or directory
INFO - Saving results to: nmf_joint_results_with_scatter_K32_alpha_m_w_wide_binaries_w_MS_w_HS/
INFO - ============================================================
INFO - Joint NMF Stellar Spectra Model
INFO - ============================================================
INFO - Configuration:
INFO -   K = 160 components
INFO -   Iterations = 10000
INFO -   Learning rate = 0.001
INFO -   Converting Alpha = False
INFO -   Adding Wide Binaries = True
INFO -   Adding Mineweeper = True
INFO -   Adding Hot Stars = True
INFO -   Training set subsampled = True
INFO -   Removing naned labels = True
INFO - 
[1/4] Loading data...
INFO -   Loaded 35716 stars with 4648 wavelength pixels
INFO - 
[2/4] Running joint optimization...
INFO - 
Running nominal joint optimization...
INFO - Joint optimization setup:
INFO -   Stars: 24679, Wavelengths: 4648
INFO -   K = 160 components
INFO -   Design matrix features: 15
INFO -   Total parameters: 844,796
INFO - Unable to initialize backend 'tpu': INTERNAL: Failed to open libtpu.so: libtpu.so: cannot open shared object file: No such file or directory
INFO - Saving results to: nmf_joint_results_with_scatter_K32_alpha_m_w_wide_binaries_w_MS_w_HS/
INFO - ============================================================
INFO - Joint NMF Stellar Spectra Model
INFO - ============================================================
INFO - Configuration:
INFO -   K = 160 components
INFO -   Iterations = 10000
INFO -   Learning rate = 0.001
INFO -   Converting Alpha = False
INFO -   Adding Wide Binaries = True
INFO -   Adding Mineweeper = True
INFO -   Adding Hot Stars = True
INFO -   Training set subsampled = True
INFO -   Removing naned labels = True
INFO - 
[1/4] Loading data...
INFO -   Loaded 35716 stars with 4648 wavelength pixels
INFO - 
[2/4] Running joint optimization...
INFO - 
Running nominal joint optimization...
INFO - Joint optimization setup:
INFO -   Stars: 24679, Wavelengths: 4648
INFO -   K = 160 components
INFO -   Design matrix features: 15
INFO -   Total parameters: 844,796
INFO - Unable to initialize backend 'tpu': INTERNAL: Failed to open libtpu.so: libtpu.so: cannot open shared object file: No such file or directory
INFO -   Initial loss: 1.326686e+00
INFO - 
Optimizing for 10000 iterations...
INFO - Saving results to: nmf_joint_results_with_scatter_K32_alpha_m_w_wide_binaries_w_MS_w_HS/
INFO - ============================================================
INFO - Joint NMF Stellar Spectra Model
INFO - ============================================================
INFO - Configuration:
INFO -   K = 160 components
INFO -   Iterations = 10000
INFO -   Learning rate = 0.001
INFO -   Converting Alpha = False
INFO -   Adding Wide Binaries = True
INFO -   Adding Mineweeper = True
INFO -   Adding Hot Stars = True
INFO -   Training set subsampled = True
INFO -   Removing naned labels = True
INFO - 
[1/4] Loading data...
INFO -   Loaded 35716 stars with 4648 wavelength pixels
INFO - 
[2/4] Running joint optimization...
INFO - 
Running nominal joint optimization...
INFO - Joint optimization setup:
INFO -   Stars: 24679, Wavelengths: 4648
INFO -   K = 160 components
INFO -   Design matrix features: 15
INFO -   Total parameters: 844,796
INFO - Unable to initialize backend 'tpu': INTERNAL: Failed to open libtpu.so: libtpu.so: cannot open shared object file: No such file or directory
INFO -   Initial loss: 1.326686e+00
INFO - 
Optimizing for 10000 iterations...
INFO -   Final loss: -1.823622e+00
INFO - 
[3/4] Computing statistics...
INFO - 
============================================================
INFO - Summary Statistics (Training Set)
INFO - ============================================================
INFO -   teff    : bias=-0.9098, scatter=133.3438, MAD=68.5519
INFO -   logg    : bias=-0.0032, scatter=0.1193, MAD=0.0430
INFO -   m_h     : bias=+0.0004, scatter=0.1051, MAD=0.0470
INFO -   alpha_m : bias=+0.0002, scatter=0.0170, MAD=0.0034
INFO - 
[4/4] Generating plots...
INFO - Saved comparison plot to nmf_joint_results_with_scatter_K32_alpha_m_w_wide_binaries_w_MS_w_HS/label_comparison.png
INFO - Saved residual histogram to nmf_joint_results_with_scatter_K32_alpha_m_w_wide_binaries_w_MS_w_HS/label_residuals.png
INFO - Saved NMF components plot to nmf_joint_results_with_scatter_K32_alpha_m_w_wide_binaries_w_MS_w_HS/nmf_components.png
INFO - Saved loss plot to nmf_joint_results_with_scatter_K32_alpha_m_w_wide_binaries_w_MS_w_HS/optimization_loss.png
INFO - Saved spectra comparison to nmf_joint_results_with_scatter_K32_alpha_m_w_wide_binaries_w_MS_w_HS/spectra_comparison.png
INFO - Saved model scatter plot to nmf_joint_results_with_scatter_K32_alpha_m_w_wide_binaries_w_MS_w_HS/model_scatter.png
INFO - 
Saving results...
INFO -   Saved to nmf_joint_results_with_scatter_K32_alpha_m_w_wide_binaries_w_MS_w_HS/
INFO - 
============================================================
INFO - Test Step: Inferring labels from spectra (no known labels)
INFO - ============================================================
INFO - Test set: 36057 spectra
INFO - Inferring labels using trained model (theta, H fixed)...
INFO - "Training Ridge Regression to use as initial guesser...
INFO - Training Ridge regression...
INFO - Saving Ridge model to nmf_joint_results_with_scatter_K32_alpha_m_w_wide_binaries_w_MS_w_HS/nmf_ridge_model.npz...
INFO - 
Model saved to nmf_joint_results_with_scatter_K32_alpha_m_w_wide_binaries_w_MS_w_HS/nmf_ridge_model.npz
INFO - 
============================================================
INFO - Summary Statistics (Ridge Regression)
INFO - ============================================================
INFO -   teff    : bias=-10.6657, scatter=890.3457, MAD=204.0300
INFO -   logg    : bias=-0.0089, scatter=0.3449, MAD=0.1865
INFO -   m_h     : bias=-0.0202, scatter=0.2051, MAD=0.1010
INFO -   alpha_m : bias=+0.0034, scatter=0.0923, MAD=0.0541
INFO - Inferring labels for 36057 stars using TWO-STAGE...
INFO -   Running L-BFGS-B optimization (GPU-accelerated)...
INFO - 
============================================================
INFO - Test Set Statistics
INFO - ============================================================
INFO -   teff    : bias=-1.1947, scatter=644.1205, MAD=85.4984
INFO -   logg    : bias=-0.0235, scatter=0.3903, MAD=0.1674
INFO -   m_h     : bias=-0.0092, scatter=0.2146, MAD=0.0830
INFO -   alpha_m : bias=+0.0102, scatter=0.1355, MAD=0.0553
INFO - 
Generating test comparison plot...
INFO - Saved test comparison plot to nmf_joint_results_with_scatter_K32_alpha_m_w_wide_binaries_w_MS_w_HS/test_true_vs_inferred.png
INFO - Saved test results to nmf_joint_results_with_scatter_K32_alpha_m_w_wide_binaries_w_MS_w_HS/test_inference_results.npz
INFO - 
Done!
INFO - Saving results to: nmf_joint_results_with_scatter_K32_alpha_m_w_wide_binaries_w_MS_w_HS/
INFO - ============================================================
INFO - Joint NMF Stellar Spectra Model
INFO - ============================================================
INFO - Configuration:
INFO -   K = 160 components
INFO -   Iterations = 10000
INFO -   Learning rate = 0.001
INFO -   Converting Alpha = False
INFO -   Adding Wide Binaries = True
INFO -   Adding Mineweeper = True
INFO -   Adding Hot Stars = True
INFO -   Training set subsampled = True
INFO -   Removing naned labels = True
INFO - 
[1/4] Loading data...
INFO -   Loaded 35716 stars with 4648 wavelength pixels
INFO - 
[2/4] Running joint optimization...
INFO - 
Running nominal joint optimization...
INFO - Joint optimization setup:
INFO -   Stars: 24483, Wavelengths: 4648
INFO -   K = 160 components
INFO -   Design matrix features: 15
INFO -   Total parameters: 844,012
INFO - Unable to initialize backend 'tpu': INTERNAL: Failed to open libtpu.so: libtpu.so: cannot open shared object file: No such file or directory
INFO -   Initial loss: 2.124034e+00
INFO - 
Optimizing for 10000 iterations...
INFO -   Final loss: -1.830564e+00
INFO - 
[3/4] Computing statistics...
INFO - 
============================================================
INFO - Summary Statistics (Training Set)
INFO - ============================================================
INFO -   teff    : bias=-2.2962, scatter=131.4848, MAD=59.8712
INFO -   logg    : bias=-0.0015, scatter=0.1142, MAD=0.0391
INFO -   m_h     : bias=-0.0046, scatter=0.1090, MAD=0.0535
INFO -   alpha_m : bias=+0.0002, scatter=0.0150, MAD=0.0027
INFO - 
[4/4] Generating plots...
INFO - Saved comparison plot to nmf_joint_results_with_scatter_K32_alpha_m_w_wide_binaries_w_MS_w_HS/label_comparison.png
INFO - Saved residual histogram to nmf_joint_results_with_scatter_K32_alpha_m_w_wide_binaries_w_MS_w_HS/label_residuals.png
INFO - Saved NMF components plot to nmf_joint_results_with_scatter_K32_alpha_m_w_wide_binaries_w_MS_w_HS/nmf_components.png
INFO - Saved loss plot to nmf_joint_results_with_scatter_K32_alpha_m_w_wide_binaries_w_MS_w_HS/optimization_loss.png
INFO - Saved model scatter plot to nmf_joint_results_with_scatter_K32_alpha_m_w_wide_binaries_w_MS_w_HS/model_scatter.png
INFO - 
Saving results...
INFO -   Saved to nmf_joint_results_with_scatter_K32_alpha_m_w_wide_binaries_w_MS_w_HS/
INFO - 
============================================================
INFO - Test Step: Inferring labels from spectra (no known labels)
INFO - ============================================================
INFO - Test set: 36057 spectra
INFO - Inferring labels using trained model (theta, H fixed)...
INFO - "Training Ridge Regression to use as initial guesser...
INFO - Training Ridge regression...
INFO - Saving Ridge model to nmf_joint_results_with_scatter_K32_alpha_m_w_wide_binaries_w_MS_w_HS/nmf_ridge_model.npz...
INFO - 
Model saved to nmf_joint_results_with_scatter_K32_alpha_m_w_wide_binaries_w_MS_w_HS/nmf_ridge_model.npz
INFO - 
============================================================
INFO - Summary Statistics (Ridge Regression)
INFO - ============================================================
INFO -   teff    : bias=-11.1649, scatter=908.4876, MAD=206.2817
INFO -   logg    : bias=-0.0096, scatter=0.3612, MAD=0.1946
INFO -   m_h     : bias=-0.0181, scatter=0.2120, MAD=0.1051
INFO -   alpha_m : bias=+0.0021, scatter=0.0877, MAD=0.0495
INFO - Inferring labels for 36057 stars using TWO-STAGE...
INFO -   Running L-BFGS-B optimization (GPU-accelerated)...
INFO - 
============================================================
INFO - Test Set Statistics
INFO - ============================================================
INFO -   teff    : bias=-4.3827, scatter=805.4378, MAD=85.0383
INFO -   logg    : bias=-0.0118, scatter=0.3974, MAD=0.1742
INFO -   m_h     : bias=-0.0162, scatter=0.2121, MAD=0.0894
INFO -   alpha_m : bias=+0.0086, scatter=0.1274, MAD=0.0531
INFO - 
Generating test comparison plot...
INFO - Saved test results to nmf_joint_results_with_scatter_K32_alpha_m_w_wide_binaries_w_MS_w_HS/test_inference_results.npz
INFO - 
Done!
INFO - Saving results to: model_results/nmf_joint_results_with_scatter_K32_alpha_m_w_wide_binaries_w_MS_w_HS/
INFO - ============================================================
INFO - Joint NMF Stellar Spectra Model
INFO - ============================================================
INFO - Configuration:
INFO -   K = 160 components
INFO -   Iterations = 10000
INFO -   Learning rate = 0.001
INFO -   Converting Alpha = False
INFO -   Adding Wide Binaries = True
INFO -   Adding Mineweeper = True
INFO -   Adding Hot Stars = True
INFO -   Training set subsampled = True
INFO -   Removing naned labels = True
INFO - 
[1/4] Loading data...
INFO -   Loaded 36279 stars with 4648 wavelength pixels
INFO - 
[2/4] Running joint optimization...
INFO - Joint optimization setup:
INFO -   Stars: 24538, Wavelengths: 4648
INFO -   K = 160 components
INFO -   Design matrix features: 15
INFO -   Total parameters: 844,232
INFO - Unable to initialize backend 'tpu': INTERNAL: Failed to open libtpu.so: libtpu.so: cannot open shared object file: No such file or directory
INFO -   Initial loss: 1.334488e+00
INFO - 
Optimizing for 10000 iterations...
INFO -   Final loss: -1.838055e+00
INFO - 
[3/4] Computing statistics...
INFO - 
============================================================
INFO - Summary Statistics (Training Set)
INFO - ============================================================
INFO -   teff    : bias=-1.0066, scatter=139.3748, MAD=74.6501
INFO -   logg    : bias=-0.0001, scatter=0.1146, MAD=0.0413
INFO -   m_h     : bias=-0.0054, scatter=0.1026, MAD=0.0476
INFO -   alpha_m : bias=-0.0000, scatter=0.0148, MAD=0.0025
INFO - 
[4/4] Generating plots...
INFO - 
Saving results...
INFO -   Saved to model_results/nmf_joint_results_with_scatter_K32_alpha_m_w_wide_binaries_w_MS_w_HS/
INFO - 
============================================================
INFO - Test Step: Inferring labels from spectra (no known labels)
INFO - ============================================================
INFO - Test set: 36627 spectra
INFO - Inferring labels using trained model (theta, H fixed)...
INFO - "Training Ridge Regression to use as initial guesser...
INFO - Training Ridge regression...
INFO - Saving Ridge model to model_results/nmf_joint_results_with_scatter_K32_alpha_m_w_wide_binaries_w_MS_w_HS/nmf_ridge_model.npz...
INFO - 
Model saved to model_results/nmf_joint_results_with_scatter_K32_alpha_m_w_wide_binaries_w_MS_w_HS/nmf_ridge_model.npz
INFO - 
============================================================
INFO - Summary Statistics (Ridge Regression)
INFO - ============================================================
INFO -   teff    : bias=-14.9767, scatter=889.2814, MAD=212.9049
INFO -   logg    : bias=-0.0142, scatter=0.3566, MAD=0.1932
INFO -   m_h     : bias=-0.0204, scatter=0.2145, MAD=0.1070
INFO -   alpha_m : bias=+0.0043, scatter=0.0889, MAD=0.0496
INFO - Inferring labels for 36627 stars using TWO-STAGE...
INFO -   Running L-BFGS-B optimization (GPU-accelerated)...
INFO - 
============================================================
INFO - Test Set Statistics
INFO - ============================================================
INFO -   teff    : bias=-2.2259, scatter=732.1485, MAD=98.2445
INFO -   logg    : bias=-0.0219, scatter=0.4040, MAD=0.1738
INFO -   m_h     : bias=-0.0170, scatter=0.2154, MAD=0.0891
INFO -   alpha_m : bias=+0.0103, scatter=0.1359, MAD=0.0545
INFO - 
Generating test comparison plot...
INFO - Saving results to: model_results/nmf_joint_results_with_scatter_K32_alpha_m_w_wide_binaries_w_MS_w_HS/
INFO - ============================================================
INFO - Joint NMF Stellar Spectra Model
INFO - ============================================================
INFO - Configuration:
INFO -   K = 160 components
INFO -   Iterations = 10000
INFO -   Learning rate = 0.001
INFO -   Converting Alpha = False
INFO -   Adding Wide Binaries = True
INFO -   Adding Mineweeper = True
INFO -   Adding Hot Stars = True
INFO -   Training set subsampled = True
INFO -   Removing naned labels = True
INFO - 
[1/4] Loading data...
INFO -   Loaded 36279 stars with 4648 wavelength pixels
INFO - 
[2/4] Running joint optimization...
INFO - Joint optimization setup:
INFO -   Stars: 24538, Wavelengths: 4648
INFO -   K = 160 components
INFO -   Design matrix features: 15
INFO -   Total parameters: 844,232
INFO - Unable to initialize backend 'tpu': INTERNAL: Failed to open libtpu.so: libtpu.so: cannot open shared object file: No such file or directory
INFO -   Initial loss: 1.334488e+00
INFO - 
Optimizing for 10000 iterations...
INFO -   Final loss: -1.838055e+00
INFO - 
[3/4] Computing statistics...
INFO - 
============================================================
INFO - Summary Statistics (Training Set)
INFO - ============================================================
INFO -   teff    : bias=-1.0066, scatter=139.3748, MAD=74.6501
INFO -   logg    : bias=-0.0001, scatter=0.1146, MAD=0.0413
INFO -   m_h     : bias=-0.0054, scatter=0.1026, MAD=0.0476
INFO -   alpha_m : bias=-0.0000, scatter=0.0148, MAD=0.0025
INFO - 
[4/4] Generating plots...
INFO - 
Saving results...
INFO -   Saved to model_results/nmf_joint_results_with_scatter_K32_alpha_m_w_wide_binaries_w_MS_w_HS/
INFO - 
============================================================
INFO - Test Step: Inferring labels from spectra (no known labels)
INFO - ============================================================
INFO - Test set: 36627 spectra
INFO - Inferring labels using trained model (theta, H fixed)...
INFO - "Training Ridge Regression to use as initial guesser...
INFO - Training Ridge regression...
INFO - Saving Ridge model to model_results/nmf_joint_results_with_scatter_K32_alpha_m_w_wide_binaries_w_MS_w_HS/nmf_ridge_model.npz...
INFO - 
Model saved to model_results/nmf_joint_results_with_scatter_K32_alpha_m_w_wide_binaries_w_MS_w_HS/nmf_ridge_model.npz
INFO - 
============================================================
INFO - Summary Statistics (Ridge Regression)
INFO - ============================================================
INFO -   teff    : bias=-14.9767, scatter=889.2814, MAD=212.9049
INFO -   logg    : bias=-0.0142, scatter=0.3566, MAD=0.1932
INFO -   m_h     : bias=-0.0204, scatter=0.2145, MAD=0.1070
INFO -   alpha_m : bias=+0.0043, scatter=0.0889, MAD=0.0496
INFO - Inferring labels for 36627 stars using TWO-STAGE...
INFO -   Running L-BFGS-B optimization (GPU-accelerated)...
INFO - 
============================================================
INFO - Test Set Statistics
INFO - ============================================================
INFO -   teff    : bias=-2.2259, scatter=732.1485, MAD=98.2445
INFO -   logg    : bias=-0.0219, scatter=0.4040, MAD=0.1738
INFO -   m_h     : bias=-0.0170, scatter=0.2154, MAD=0.0891
INFO -   alpha_m : bias=+0.0103, scatter=0.1359, MAD=0.0545
INFO - 
Generating test comparison plot...
INFO - Saved test results to model_results/nmf_joint_results_with_scatter_K32_alpha_m_w_wide_binaries_w_MS_w_HS/test_inference_results.npz
INFO - 
Done!
INFO - Saving results to: model_results/nmf_joint_results_with_scatter_K32_alpha_m_w_wide_binaries_w_MS_w_HS/
INFO - ============================================================
INFO - Joint NMF Stellar Spectra Model
INFO - ============================================================
INFO - Configuration:
INFO -   K = 160 components
INFO -   Iterations = 10000
INFO -   Learning rate = 0.001
INFO -   Converting Alpha = False
INFO -   Adding Wide Binaries = True
INFO -   Adding Mineweeper = True
INFO -   Adding Hot Stars = True
INFO -   Training set subsampled = True
INFO -   Removing naned labels = True
INFO - 
[1/4] Loading data...
INFO -   Loaded 64362 stars with 4648 wavelength pixels
INFO - 
[2/4] Running joint optimization...
INFO - Joint optimization setup:
INFO -   Stars: 43115, Wavelengths: 4648
INFO -   K = 160 components
INFO -   Design matrix features: 15
INFO -   Total parameters: 918,540
INFO - Unable to initialize backend 'tpu': INTERNAL: Failed to open libtpu.so: libtpu.so: cannot open shared object file: No such file or directory
INFO -   Initial loss: 1.454642e+00
INFO - 
Optimizing for 10000 iterations...
INFO -   Final loss: -1.806941e+00
INFO - 
[3/4] Computing statistics...
INFO - 
============================================================
INFO - Summary Statistics (Training Set)
INFO - ============================================================
INFO -   teff    : bias=+1.8703, scatter=114.5070, MAD=62.2305
INFO -   logg    : bias=-0.0071, scatter=0.0972, MAD=0.0380
INFO -   m_h     : bias=-0.0007, scatter=0.0835, MAD=0.0430
INFO -   alpha_m : bias=+0.0001, scatter=0.0111, MAD=0.0026
INFO - 
[4/4] Generating plots...
INFO - 
Saving results...
INFO -   Saved to model_results/nmf_joint_results_with_scatter_K32_alpha_m_w_wide_binaries_w_MS_w_HS/
INFO - 
============================================================
INFO - Test Step: Inferring labels from spectra (no known labels)
INFO - ============================================================
INFO - Test set: 64988 spectra
INFO - Inferring labels using trained model (theta, H fixed)...
INFO - "Training Ridge Regression to use as initial guesser...
INFO - Training Ridge regression...
INFO - Saving Ridge model to model_results/nmf_joint_results_with_scatter_K32_alpha_m_w_wide_binaries_w_MS_w_HS/nmf_ridge_model.npz...
INFO - 
Model saved to model_results/nmf_joint_results_with_scatter_K32_alpha_m_w_wide_binaries_w_MS_w_HS/nmf_ridge_model.npz
INFO - 
============================================================
INFO - Summary Statistics (Ridge Regression)
INFO - ============================================================
INFO -   teff    : bias=-5.0683, scatter=893.1614, MAD=189.4533
INFO -   logg    : bias=-0.0171, scatter=0.3516, MAD=0.1827
INFO -   m_h     : bias=-0.0163, scatter=0.2089, MAD=0.1056
INFO -   alpha_m : bias=+0.0057, scatter=0.0860, MAD=0.0485
INFO - Inferring labels for 64988 stars using ADAM...
INFO - Inferring labels for 384 stars using BFGS...
INFO -   Running L-BFGS-B optimization (GPU-accelerated)...
INFO - 
============================================================
INFO - Test Set Statistics
INFO - ============================================================
INFO -   teff    : bias=-6.1982, scatter=498.7939, MAD=86.9556
INFO -   logg    : bias=-0.0337, scatter=0.3521, MAD=0.1551
INFO -   m_h     : bias=-0.0015, scatter=0.1836, MAD=0.0787
INFO -   alpha_m : bias=+0.0010, scatter=0.1159, MAD=0.0489
INFO - 
Generating test comparison plot...
INFO - Saved test results to model_results/nmf_joint_results_with_scatter_K32_alpha_m_w_wide_binaries_w_MS_w_HS/test_inference_results.npz
INFO - 
Done!
INFO - Saving results to: model_results/nmf_joint_results_with_scatter_K32_alpha_m_w_wide_binaries_w_MS_w_HS/
INFO - ============================================================
INFO - Joint NMF Stellar Spectra Model
INFO - ============================================================
INFO - Configuration:
INFO -   K = 160 components
INFO -   Iterations = 10000
INFO -   Learning rate = 0.001
INFO -   Converting Alpha = False
INFO -   Adding Wide Binaries = True
INFO -   Adding Mineweeper = True
INFO -   Adding Hot Stars = True
INFO -   Training set subsampled = True
INFO -   Removing naned labels = True
INFO - 
[1/4] Loading data...
INFO -   Loaded 64362 stars with 4648 wavelength pixels
INFO - 
[2/4] Running joint optimization...
INFO - Joint optimization setup:
INFO -   Stars: 41062, Wavelengths: 4648
INFO -   K = 160 components
INFO -   Design matrix features: 15
INFO -   Total parameters: 910,328
INFO - Unable to initialize backend 'tpu': INTERNAL: Failed to open libtpu.so: libtpu.so: cannot open shared object file: No such file or directory
INFO -   Initial loss: 1.425759e+00
INFO - 
Optimizing for 10000 iterations...
INFO -   Final loss: -1.804739e+00
INFO - 
[3/4] Computing statistics...
INFO - 
============================================================
INFO - Summary Statistics (Training Set)
INFO - ============================================================
INFO -   teff    : bias=-1.6458, scatter=115.1358, MAD=60.6629
INFO -   logg    : bias=-0.0061, scatter=0.0992, MAD=0.0372
INFO -   m_h     : bias=-0.0005, scatter=0.0849, MAD=0.0450
INFO -   alpha_m : bias=+0.0001, scatter=0.0128, MAD=0.0032
INFO - 
[4/4] Generating plots...
INFO - 
Saving results...
INFO -   Saved to model_results/nmf_joint_results_with_scatter_K32_alpha_m_w_wide_binaries_w_MS_w_HS/
INFO - 
============================================================
INFO - Test Step: Inferring labels from spectra (no known labels)
INFO - ============================================================
INFO - Test set: 64988 spectra
INFO - Inferring labels using trained model (theta, H fixed)...
INFO - "Training Ridge Regression to use as initial guesser...
INFO - Training Ridge regression...
INFO - Saving Ridge model to model_results/nmf_joint_results_with_scatter_K32_alpha_m_w_wide_binaries_w_MS_w_HS/nmf_ridge_model.npz...
INFO - 
Model saved to model_results/nmf_joint_results_with_scatter_K32_alpha_m_w_wide_binaries_w_MS_w_HS/nmf_ridge_model.npz
INFO - 
============================================================
INFO - Summary Statistics (Ridge Regression)
INFO - ============================================================
INFO -   teff    : bias=-9.0353, scatter=879.5043, MAD=211.3153
INFO -   logg    : bias=-0.0175, scatter=0.3542, MAD=0.1830
INFO -   m_h     : bias=-0.0193, scatter=0.2148, MAD=0.1083
INFO -   alpha_m : bias=+0.0033, scatter=0.0845, MAD=0.0477
INFO - Inferring labels for 64988 stars using ADAM...
INFO - Inferring labels for 555 stars using BFGS...
INFO -   Running L-BFGS-B optimization (GPU-accelerated)...
INFO - 
============================================================
INFO - Test Set Statistics
INFO - ============================================================
INFO -   teff    : bias=-11.6496, scatter=515.6572, MAD=85.0187
INFO -   logg    : bias=-0.0265, scatter=0.3497, MAD=0.1604
INFO -   m_h     : bias=+0.0019, scatter=0.1827, MAD=0.0809
INFO -   alpha_m : bias=+0.0015, scatter=0.1093, MAD=0.0481
INFO - 
Generating test comparison plot...
INFO - Saved test results to model_results/nmf_joint_results_with_scatter_K32_alpha_m_w_wide_binaries_w_MS_w_HS/test_inference_results.npz
INFO - 
Done!
INFO - Saving results to: model_results/nmf_joint_results_with_scatter_K32_alpha_m_w_wide_binaries_w_MS_w_HS/
INFO - ============================================================
INFO - Joint NMF Stellar Spectra Model
INFO - ============================================================
INFO - Configuration:
INFO -   K = 160 components
INFO -   Iterations = 10000
INFO -   Learning rate = 0.001
INFO -   Converting Alpha = False
INFO -   Adding Wide Binaries = True
INFO -   Adding Mineweeper = True
INFO -   Adding Hot Stars = True
INFO -   Training set subsampled = True
INFO -   Removing naned labels = True
INFO - 
[1/4] Loading data...
INFO -   Loaded 63525 stars with 4648 wavelength pixels
INFO - 
[2/4] Running joint optimization...
INFO - Joint optimization setup:
INFO -   Stars: 40547, Wavelengths: 4648
INFO -   K = 160 components
INFO -   Design matrix features: 15
INFO -   Total parameters: 908,268
INFO - Unable to initialize backend 'tpu': INTERNAL: Failed to open libtpu.so: libtpu.so: cannot open shared object file: No such file or directory
INFO -   Initial loss: 1.492460e+00
INFO - 
Optimizing for 10000 iterations...
INFO -   Final loss: -1.804214e+00
INFO - 
[3/4] Computing statistics...
INFO - 
============================================================
INFO - Summary Statistics (Training Set)
INFO - ============================================================
INFO -   teff    : bias=-0.9449, scatter=118.8845, MAD=57.6886
INFO -   logg    : bias=-0.0055, scatter=0.1036, MAD=0.0392
INFO -   m_h     : bias=-0.0040, scatter=0.0888, MAD=0.0469
INFO -   alpha_m : bias=+0.0001, scatter=0.0126, MAD=0.0032
INFO - 
[4/4] Generating plots...
INFO - 
Saving results...
INFO -   Saved to model_results/nmf_joint_results_with_scatter_K32_alpha_m_w_wide_binaries_w_MS_w_HS/
INFO - 
============================================================
INFO - Test Step: Inferring labels from spectra (no known labels)
INFO - ============================================================
INFO - Test set: 64151 spectra
INFO - Inferring labels using trained model (theta, H fixed)...
INFO - "Training MLP to use as initial guesser...
INFO - 
Model saved to model_results/nmf_joint_results_with_scatter_K32_alpha_m_w_wide_binaries_w_MS_w_HS/nmf_MLP_model.npz
INFO - 
============================================================
INFO - Summary Statistics (MLP)
INFO - ============================================================
INFO -   teff    : bias=+4.7974, scatter=312.4438, MAD=107.6696
INFO -   logg    : bias=+0.0099, scatter=0.2420, MAD=0.1199
INFO -   m_h     : bias=+0.0053, scatter=0.1294, MAD=0.0674
INFO -   alpha_m : bias=-0.0019, scatter=0.0648, MAD=0.0305
INFO - Inferring labels for 64151 stars using TWO-STAGE...
INFO -   Running L-BFGS-B optimization (GPU-accelerated)...
INFO - 
============================================================
INFO - Test Set Statistics
INFO - ============================================================
INFO -   teff    : bias=-10.9333, scatter=279.5159, MAD=75.7522
INFO -   logg    : bias=-0.0231, scatter=0.2992, MAD=0.1459
INFO -   m_h     : bias=-0.0148, scatter=0.1471, MAD=0.0723
INFO -   alpha_m : bias=+0.0064, scatter=0.1111, MAD=0.0480
INFO - 
Generating test comparison plot...
INFO - Saved test results to model_results/nmf_joint_results_with_scatter_K32_alpha_m_w_wide_binaries_w_MS_w_HS/test_inference_results.npz
INFO - 
Done!
