INFO - Saving results to: nmf_joint_results_with_scatter_K32_alpha_m_w_wide_binaries_w_MS/
INFO - ============================================================
INFO - Joint NMF Stellar Spectra Model
INFO - ============================================================
INFO - Configuration:
INFO -   K = 160 components
INFO -   Iterations = 10000
INFO -   Learning rate = 0.001
INFO -   Converting Alpha = False
INFO -   Adding Wide Binaries = True
INFO -   Adding Mineweeper = True
INFO -   Training set subsampled = True
INFO -   Removing naned labels = True
INFO - 
[1/4] Loading data...
INFO -   Loaded 35716 stars with 4648 wavelength pixels
INFO - 
[2/4] Running joint optimization...
INFO - Saving results to: nmf_joint_results_with_scatter_K32_alpha_m_w_wide_binaries_w_MS/
INFO - ============================================================
INFO - Joint NMF Stellar Spectra Model
INFO - ============================================================
INFO - Configuration:
INFO -   K = 160 components
INFO -   Iterations = 10000
INFO -   Learning rate = 0.001
INFO -   Converting Alpha = False
INFO -   Adding Wide Binaries = True
INFO -   Adding Mineweeper = True
INFO -   Training set subsampled = True
INFO -   Removing naned labels = True
INFO - 
[1/4] Loading data...
INFO -   Loaded 35716 stars with 4648 wavelength pixels
INFO - 
[2/4] Running joint optimization...
INFO - 
Running nominal joint optimization...
INFO - Joint optimization setup:
INFO -   Stars: 23300, Wavelengths: 4648
INFO -   K = 160 components
INFO -   Design matrix features: 15
INFO -   Total parameters: 839,280
INFO - Unable to initialize backend 'tpu': INTERNAL: Failed to open libtpu.so: libtpu.so: cannot open shared object file: No such file or directory
INFO -   Initial loss: 1.320570e+00
INFO - 
Optimizing for 10000 iterations...
INFO -   Final loss: -1.828114e+00
INFO - 
[3/4] Computing statistics...
INFO - 
============================================================
INFO - Summary Statistics (Training Set)
INFO - ============================================================
INFO -   teff    : bias=-2.5539, scatter=69.9571, MAD=33.9636
INFO -   logg    : bias=+0.0031, scatter=0.1316, MAD=0.0576
INFO -   m_h     : bias=-0.0014, scatter=0.1040, MAD=0.0533
INFO -   alpha_m : bias=+0.0001, scatter=0.0202, MAD=0.0053
INFO - 
[4/4] Generating plots...
INFO - Saved comparison plot to nmf_joint_results_with_scatter_K32_alpha_m_w_wide_binaries_w_MS/label_comparison.png
INFO - Saved residual histogram to nmf_joint_results_with_scatter_K32_alpha_m_w_wide_binaries_w_MS/label_residuals.png
INFO - Saved NMF components plot to nmf_joint_results_with_scatter_K32_alpha_m_w_wide_binaries_w_MS/nmf_components.png
INFO - Saved loss plot to nmf_joint_results_with_scatter_K32_alpha_m_w_wide_binaries_w_MS/optimization_loss.png
INFO - Saved spectra comparison to nmf_joint_results_with_scatter_K32_alpha_m_w_wide_binaries_w_MS/spectra_comparison.png
INFO - Saved model scatter plot to nmf_joint_results_with_scatter_K32_alpha_m_w_wide_binaries_w_MS/model_scatter.png
INFO - 
Saving results...
INFO -   Saved to nmf_joint_results_with_scatter_K32_alpha_m_w_wide_binaries_w_MS/
INFO - 
============================================================
INFO - Test Step: Inferring labels from spectra (no known labels)
INFO - ============================================================
INFO - Test set: 35716 spectra
INFO - Inferring labels using trained model (theta, H fixed)...
INFO - "Training Ridge Regression to use as initial guesser...
INFO - Training Ridge regression...
INFO - Saving Ridge model to nmf_joint_results_with_scatter_K32_alpha_m_w_wide_binaries_w_MS/nmf_ridge_model.npz...
INFO - 
Model saved to nmf_joint_results_with_scatter_K32_alpha_m_w_wide_binaries_w_MS/nmf_ridge_model.npz
INFO - 
============================================================
INFO - Summary Statistics (Ridge Regression)
INFO - ============================================================
INFO -   teff    : bias=-10.3973, scatter=146.1810, MAD=69.9899
INFO -   logg    : bias=-0.0117, scatter=0.3548, MAD=0.1944
INFO -   m_h     : bias=-0.0217, scatter=0.2138, MAD=0.1081
INFO -   alpha_m : bias=+0.0013, scatter=0.0951, MAD=0.0586
INFO - Inferring labels for 35716 stars using TWO-STAGE...
INFO -   Running L-BFGS-B optimization (GPU-accelerated)...
INFO - 
============================================================
INFO - Test Set Statistics
INFO - ============================================================
INFO -   teff    : bias=-9.8701, scatter=157.1996, MAD=67.9302
INFO -   logg    : bias=+0.0096, scatter=0.3803, MAD=0.1598
INFO -   m_h     : bias=-0.0109, scatter=0.1979, MAD=0.0841
INFO -   alpha_m : bias=-0.0006, scatter=0.1170, MAD=0.0560
INFO - 
Generating test comparison plot...
INFO - Saved test comparison plot to nmf_joint_results_with_scatter_K32_alpha_m_w_wide_binaries_w_MS/test_true_vs_inferred.png
INFO - Saved test results to nmf_joint_results_with_scatter_K32_alpha_m_w_wide_binaries_w_MS/test_inference_results.npz
INFO - 
Done!
INFO - Saving results to: nmf_joint_results_with_scatter_K32_alpha_m_w_wide_binaries_w_MS/
INFO - ============================================================
INFO - Joint NMF Stellar Spectra Model
INFO - ============================================================
INFO - Configuration:
INFO -   K = 160 components
INFO -   Iterations = 10000
INFO -   Learning rate = 0.001
INFO -   Converting Alpha = False
INFO -   Adding Wide Binaries = True
INFO -   Adding Mineweeper = True
INFO -   Training set subsampled = True
INFO -   Removing naned labels = True
INFO - 
[1/4] Loading data...
INFO -   Loaded 35716 stars with 4648 wavelength pixels
INFO - 
[2/4] Running joint optimization...
INFO - 
Running nominal joint optimization...
INFO - Joint optimization setup:
INFO -   Stars: 24407, Wavelengths: 4648
INFO -   K = 160 components
INFO -   Design matrix features: 15
INFO -   Total parameters: 843,708
INFO - Unable to initialize backend 'tpu': INTERNAL: Failed to open libtpu.so: libtpu.so: cannot open shared object file: No such file or directory
INFO -   Initial loss: 1.321364e+00
INFO - 
Optimizing for 10000 iterations...
INFO -   Final loss: -1.827350e+00
INFO - 
[3/4] Computing statistics...
INFO - 
============================================================
INFO - Summary Statistics (Training Set)
INFO - ============================================================
INFO -   teff    : bias=-3.0603, scatter=69.0998, MAD=33.9670
INFO -   logg    : bias=+0.0062, scatter=0.1298, MAD=0.0560
INFO -   m_h     : bias=-0.0040, scatter=0.1004, MAD=0.0496
INFO -   alpha_m : bias=-0.0001, scatter=0.0182, MAD=0.0039
INFO - 
[4/4] Generating plots...
INFO - Saved comparison plot to nmf_joint_results_with_scatter_K32_alpha_m_w_wide_binaries_w_MS/label_comparison.png
INFO - Saved residual histogram to nmf_joint_results_with_scatter_K32_alpha_m_w_wide_binaries_w_MS/label_residuals.png
INFO - Saved NMF components plot to nmf_joint_results_with_scatter_K32_alpha_m_w_wide_binaries_w_MS/nmf_components.png
INFO - Saved loss plot to nmf_joint_results_with_scatter_K32_alpha_m_w_wide_binaries_w_MS/optimization_loss.png
INFO - Saved spectra comparison to nmf_joint_results_with_scatter_K32_alpha_m_w_wide_binaries_w_MS/spectra_comparison.png
INFO - Saved model scatter plot to nmf_joint_results_with_scatter_K32_alpha_m_w_wide_binaries_w_MS/model_scatter.png
INFO - 
Saving results...
INFO -   Saved to nmf_joint_results_with_scatter_K32_alpha_m_w_wide_binaries_w_MS/
INFO - 
============================================================
INFO - Test Step: Inferring labels from spectra (no known labels)
INFO - ============================================================
INFO - Test set: 35716 spectra
INFO - Inferring labels using trained model (theta, H fixed)...
INFO - "Training Ridge Regression to use as initial guesser...
INFO - Training Ridge regression...
INFO - Saving Ridge model to nmf_joint_results_with_scatter_K32_alpha_m_w_wide_binaries_w_MS/nmf_ridge_model.npz...
INFO - 
Model saved to nmf_joint_results_with_scatter_K32_alpha_m_w_wide_binaries_w_MS/nmf_ridge_model.npz
INFO - 
============================================================
INFO - Summary Statistics (Ridge Regression)
INFO - ============================================================
INFO -   teff    : bias=-10.8824, scatter=148.8923, MAD=70.8936
INFO -   logg    : bias=-0.0117, scatter=0.3453, MAD=0.1875
INFO -   m_h     : bias=-0.0185, scatter=0.1985, MAD=0.0994
INFO -   alpha_m : bias=+0.0025, scatter=0.0908, MAD=0.0538
INFO - Inferring labels for 35716 stars using TWO-STAGE...
INFO -   Running L-BFGS-B optimization (GPU-accelerated)...
INFO - 
============================================================
INFO - Test Set Statistics
INFO - ============================================================
INFO -   teff    : bias=-9.4060, scatter=154.8730, MAD=68.5841
INFO -   logg    : bias=+0.0081, scatter=0.3781, MAD=0.1594
INFO -   m_h     : bias=-0.0133, scatter=0.1771, MAD=0.0816
INFO -   alpha_m : bias=+0.0050, scatter=0.1113, MAD=0.0529
INFO - 
Generating test comparison plot...
INFO - Saved test comparison plot to nmf_joint_results_with_scatter_K32_alpha_m_w_wide_binaries_w_MS/test_true_vs_inferred.png
INFO - Saved test results to nmf_joint_results_with_scatter_K32_alpha_m_w_wide_binaries_w_MS/test_inference_results.npz
INFO - 
Done!
